C51 COMPILER V9.60.0.0   DELAY8051                                                         01/27/2022 01:22:15 PAGE 1   


C51 COMPILER V9.60.0.0, COMPILATION OF MODULE DELAY8051
OBJECT MODULE PLACED IN .\Objects\delay8051.obj
COMPILER INVOKED BY: D:\Extension Apps\C51\BIN\C51.EXE delay8051.c OPTIMIZE(8,SPEED) BROWSE DEBUG OBJECTEXTEND PRINT(.\L
                    -istings\delay8051.lst) TABS(2) OBJECT(.\Objects\delay8051.obj)

line level    source

   1          
   2          #include <delay8051.h>
   3          
   4          void delay(unsigned int count)
   5          {
   6   1              unsigned int i;
   7   1              while(count)
   8   1              {
   9   2                      i = 115;
  10   2                      while(i > 0)
  11   2                      i--;
  12   2                      count--;
  13   2              }
  14   1      }
  15          
  16          void delay_ms(long delay){
  17   1          int a;
  18   1          TMOD=0x01; 
  19   1          for ( a = 0; a < delay ; a++){
  20   2          // read the timer overflow flag // if it counts up then exit while loop
  21   2          TH0 = 0xFC; // for 1 ms second 0x00; // start from 0
  22   2          TL0 = 0x18; // for 1 ms second //0x00; // start from 0
  23   2          TR0 = 1 ; // start the timer
  24   2          while (TF0==0);
  25   2          TR0 = 0 ; // stop the timer the timer
  26   2          TF0 = 0; // reset the overflow flag
  27   2          }
  28   1      }
  29          
  30          void delay_us (){
  31   1        TMOD=0x01;    //select timer 0 mode 1
  32   1        TH0=0xFF;     //load FC67 for 1000 Count
  33   1        TL0=0xE5;
  34   1        TCON=0x10;    //start timer 0
  35   1        
  36   1        while(!(TCON & 0x20));
  37   1        {
  38   2          TCON &=~0x10;    //stop timer 0
  39   2          TCON &=~0x20;    //clear overflow flag
  40   2        }
  41   1      } 
  42          
  43          
  44          void timer_delay_30us()
  45          {
  46   1        TMOD=0x01;    //select timer 0 mode 1
  47   1        TH0=0xFF;     //load FC67 for 1000 Count
  48   1        TL0=0xE5;
  49   1        TCON=0x10;    //start timer 0
  50   1        
  51   1        while(!(TCON & 0x20));
  52   1        {
  53   2          TCON &=~0x10;    //stop timer 0
  54   2          TCON &=~0x20;    //clear overflow flag
C51 COMPILER V9.60.0.0   DELAY8051                                                         01/27/2022 01:22:15 PAGE 2   

  55   2        }
  56   1        
  57   1      }
  58          
  59          
  60          


MODULE INFORMATION:   STATIC OVERLAYABLE
   CODE SIZE        =    130    ----
   CONSTANT SIZE    =   ----    ----
   XDATA SIZE       =   ----    ----
   PDATA SIZE       =   ----    ----
   DATA SIZE        =   ----       4
   IDATA SIZE       =   ----    ----
   BIT SIZE         =   ----    ----
END OF MODULE INFORMATION.


C51 COMPILATION COMPLETE.  0 WARNING(S),  0 ERROR(S)
